received action=download url=https://www.youtube.com/watch?v=w8BUlf7XnBE
received action=download url=https://www.youtube.com/watch?v=I8oLCsXh2dw
received action=download url=https://www.youtube.com/watch?v=lYhAfhYOFMs&list=RDlYhAfhYOFMs&start_radio=1
received action=download url=https://www.youtube.com/watch?v=oHgFU9bSRb8&list=RDoHgFU9bSRb8&start_radio=1
received action=download url=https://www.youtube.com/watch?v=MqWVegTsHZA
received action=download url=https://www.youtube.com/watch?v=oHgFU9bSRb8
received action=download url=https://www.youtube.com/watch?v=BgCmotgySdU&list=RDUjBhbMMgLzc&index=6
received action=download url=https://www.youtube.com/watch?v=ZPgJbuRdWt4&list=RDGMEMYH9CUrFO7CfLJpaD7UR85w&index=3
received action=download url=https://www.youtube.com/watch?v=ZPgJbuRdWt4&list=RDGMEMYH9CUrFO7CfLJpaD7UR85w&index=3
received action=download url=https://www.youtube.com/watch?v=Qsn9VuESD1I&list=RDGMEMYH9CUrFO7CfLJpaD7UR85w&index=6
received action=download url=https://www.youtube.com/watch?v=Pk3gS3Ym4N0&list=RDGMEMYH9CUrFO7CfLJpaD7UR85w&index=23
received action=download url=https://www.youtube.com/watch?v=oOQm3NF6uU8&list=RDGMEMYH9CUrFO7CfLJpaD7UR85w&index=47
received action=download url=https://www.youtube.com/watch?v=cOX_MYk2ePI&list=RDcOX_MYk2ePI&start_radio=1
received action=download url=https://www.youtube.com/watch?v=BcRdmOi6Jhg
received action=download url=https://www.youtube.com/watch?v=jlfU5NW2RVU
received action=download url=https://www.youtube.com/watch?v=659gug8vFJQ&list=RD659gug8vFJQ&start_radio=1
received action=download url=https://www.youtube.com/watch?v=hXK_n7GeVuw&list=RDhXK_n7GeVuw&start_radio=1
received action=download url=https://www.youtube.com/watch?v=Cvoc_TQmVTE&list=RDCvoc_TQmVTE&start_radio=1
received action=download url=https://www.youtube.com/watch?v=OneGjvSqJr0&list=RDXyBkaG7-thc&index=6
received action=download url=https://www.youtube.com/watch?v=OneGjvSqJr0&list=RDXyBkaG7-thc&index=6
received action=download url=https://www.youtube.com/watch?v=l5FxqUBeyp8&list=RDXyBkaG7-thc&index=13
received action=download url=https://www.youtube.com/watch?v=l5FxqUBeyp8
received action=download url=https://www.youtube.com/watch?v=l5FxqUBeyp8
received action=download url=https://www.youtube.com/watch?v=l5FxqUBeyp8
received action=download url=https://www.youtube.com/watch?v=l5FxqUBeyp8
received action=download url=https://www.youtube.com/watch?v=l5FxqUBeyp8
received action=download url=https://www.youtube.com/watch?v=l5FxqUBeyp8
received action=download url=https://www.youtube.com/watch?v=l5FxqUBeyp8
received action=download url=https://www.youtube.com/watch?v=l5FxqUBeyp8
received action=download url=https://www.youtube.com/watch?v=_bA58AsEGbs
received action=download url=https://www.youtube.com/watch?v=l5FxqUBeyp8
received action=download url=https://www.youtube.com/watch?v=qszRxanC3gI&list=RDqszRxanC3gI&start_radio=1
received action=download url=https://www.youtube.com/watch?v=bK2GynQn_ws&list=RDbK2GynQn_ws&start_radio=1
received action=download url=https://www.youtube.com/watch?v=ZxWR7DBK9dE&list=RDbK2GynQn_ws&index=4
received action=download url=https://www.youtube.com/watch?v=-wtYbl_2FuA&list=RDcIwJdqGmmsQ&index=4
received action=download url=https://www.youtube.com/watch?v=T2JFaxHCtGc&list=RDAYKAluVmLqY&index=5
received action=download url=https://www.youtube.com/watch?v=ZxYgAxsP09I&list=RDAYKAluVmLqY&index=8
received action=download url=https://www.youtube.com/watch?v=Mx3IztlRClM
received action=download url=https://www.youtube.com/watch?v=ybNMENJ9YsY
received action=download url=https://www.youtube.com/watch?v=6C39juoto5o
received action=download url=https://www.youtube.com/watch?v=nXHgIq_dwnY
received action=download url=https://www.youtube.com/watch?v=3cRUU4aN1wM
received action=download url=https://www.youtube.com/watch?v=KP4u72b38yw
received action=download url=https://www.youtube.com/watch?v=7tPjWbP-XxQ&list=RD7tPjWbP-XxQ&start_radio=1
received action=download url=https://www.youtube.com/watch?v=sE4mzCkjQUg&list=RDsE4mzCkjQUg&start_radio=1
received action=download url=https://www.youtube.com/watch?v=B1R_YrvZmto
received action=download url=https://www.youtube.com/watch?v=-fABc2zPhbo
received action=download url=https://www.youtube.com/watch?v=ht-3EqHWrZo&list=RDht-3EqHWrZo&start_radio=1
received action=download url=https://www.youtube.com/watch?v=ne8EtaRMdn8
received action=download url=https://www.youtube.com/watch?v=Ya-1vXF6N9A
received action=download url=https://www.youtube.com/watch?v=-k0QVCdTQfM
received action=download url=https://www.youtube.com/watch?v=KcRa8lm4EpY
received action=download url=https://www.youtube.com/watch?v=2iDO7Jm6U84
received action=download url=https://www.youtube.com/watch?v=2iDO7Jm6U84
received action=download url=https://www.youtube.com/watch?v=yzGmA1Ga9MQ&list=RDyzGmA1Ga9MQ&start_radio=1
received action=download url=https://www.youtube.com/watch?v=Sxr4lsxamig
received action=download url=https://www.youtube.com/watch?v=zjXGRWikp9M
received action=download url=https://www.youtube.com/watch?v=jcaFYARQFJg
received action=download url=https://www.youtube.com/watch?v=R4Z6vVlRrHM
received action=download url=https://www.youtube.com/watch?v=MRSA23zJ0hw
received action=download url=https://www.youtube.com/watch?v=fsyi-WX_3q4
received action=download url=https://www.youtube.com/watch?v=fNFu7zXKY8c
received action=download url=https://www.youtube.com/watch?v=5y3hKsF1wiE&list=RD5y3hKsF1wiE&start_radio=1
received action=download url=https://www.youtube.com/watch?v=oLmVJg1UR1k
received action=download url=https://www.youtube.com/watch?v=gmK1lQKpjkE&list=RDgmK1lQKpjkE&start_radio=1
received action=download url=https://www.youtube.com/watch?v=VdowfbyZlQk&list=RDVdowfbyZlQk&start_radio=1
received action=download url=https://www.youtube.com/watch?v=mkMw5IVXXA8&list=RDmkMw5IVXXA8&start_radio=1
received action=download url=https://www.youtube.com/watch?v=9FBRAwC-EF8
received action=download url=https://www.youtube.com/watch?v=v5emOdCpWJs
received action=download url=https://www.youtube.com/watch?v=yFpCVmI-Xbs&list=RDyFpCVmI-Xbs&start_radio=1
received action=download url=https://www.youtube.com/watch?v=NGSgH_3KakU
received action=download url=https://www.youtube.com/watch?v=OyQaE7dc4UQ&list=RDOyQaE7dc4UQ&start_radio=1
received action=download url=https://www.youtube.com/watch?v=f-JsEghZvVA&list=RDf-JsEghZvVA&start_radio=1
received action=download url=https://www.youtube.com/watch?v=9TQrF4o0j2g&list=RD9TQrF4o0j2g&start_radio=1
received action=download url=https://www.youtube.com/watch?v=HxzXqaTh8Gw&list=RDHxzXqaTh8Gw&start_radio=1
received action=download url=https://www.youtube.com/watch?v=HxzXqaTh8Gw&list=RDHxzXqaTh8Gw&start_radio=1
received action=download url=https://www.youtube.com/watch?v=HxzXqaTh8Gw&list=RDHxzXqaTh8Gw&start_radio=1
received action=download url=https://www.youtube.com/watch?v=jAGmGYpyOEw
received action=download url=https://www.youtube.com/watch?v=oioNxDg78Qk
received action=download url=https://www.youtube.com/watch?v=9AJ0f4OWnnw
received action=download url=https://www.youtube.com/watch?v=8PiHb0A48Qo&list=RD8PiHb0A48Qo&start_radio=1
received action=download url=https://www.youtube.com/watch?v=3TsEUSTROgk&list=RD3TsEUSTROgk&start_radio=1
received action=download url=https://www.youtube.com/watch?v=Nm3g9CLRFKM
received action=download url=https://www.youtube.com/watch?v=-nzZEOFIYWM&list=RD-nzZEOFIYWM&start_radio=1
received action=download url=https://www.youtube.com/watch?v=eYXgDo9rWCA
received action=download url=https://www.youtube.com/watch?v=o1XGxZ9Nh_U&list=PLReWljxSWnfdrjFsxBPqS1Z0spuQ7TnGe
received action=download url=https://www.youtube.com/watch?v=GsF05B8TFWg&list=RDGsF05B8TFWg&start_radio=1
received action=download url=https://www.youtube.com/watch?v=vhY8aSRhLF0&list=RDvhY8aSRhLF0&start_radio=1
received action=download url=https://www.youtube.com/watch?v=RQLJyNODhFs&list=RDEMczYc8wn9B9I0_d_cRssZMQ&index=3
received action=download url=https://www.youtube.com/watch?v=E9tU00O_b88
received action=download url=https://www.youtube.com/watch?v=Zww66u0uCqk&list=RDfsyi-WX_3q4&index=9
received action=download url=https://www.youtube.com/watch?v=M1db5iQdO50&list=RDfsyi-WX_3q4&index=10
received action=download url=https://www.youtube.com/watch?v=R3DXFC4I2-o&list=RDi5Z4sut928Y&index=4
received action=download url=https://www.youtube.com/watch?v=n1m0__dGm7c&list=RDi5Z4sut928Y&index=18
received action=download url=https://www.youtube.com/watch?v=i5Z4sut928Y&list=RDn1m0__dGm7c&index=2
received action=download url=https://www.youtube.com/playlist?list=PL4aMsida6neeKtgn1BfJpIxN7v6_b_QUY
received action=download url=https://www.youtube.com/watch?v=ekr2nIex040&list=PL4aMsida6neeKtgn1BfJpIxN7v6_b_QUY
received action=download url=https://www.youtube.com/watch?v=ekr2nIex040&list=PL4aMsida6neeKtgn1BfJpIxN7v6_b_QUY
received action=download url=https://www.youtube.com/watch?v=ekr2nIex040&list=PL4aMsida6neeKtgn1BfJpIxN7v6_b_QUY
received action=download url=https://www.youtube.com/watch?v=RqCc0vE5RDY&list=RDRqCc0vE5RDY&start_radio=1
received action=download url=https://www.youtube.com/watch?v=lkzTbj04ZC4&list=RDlkzTbj04ZC4&start_radio=1
